<html>
<body>
<pre>
<h1>µVision Build Log</h1>
<h2>Tool Versions:</h2>
IDE-Version: µVision V5.31.0.0
Copyright (C) 2020 ARM Ltd and ARM Germany GmbH. All rights reserved.
License Information: Sanuj Kulshrestha, Netaji Subhas Institute of Technology, LIC=----
 
Tool Versions:
Toolchain:       MDK-Lite  Version: 5.31.0.0
Toolchain Path:  D:\Windows Applications\Keil_uVision_v5\Core\ARM\ARMCLANG\Bin
C Compiler:      ArmClang.exe V6.14
Assembler:       Armasm.exe V6.14
Linker/Locator:  ArmLink.exe V6.14
Library Manager: ArmAr.exe V6.14
Hex Converter:   FromElf.exe V6.14
CPU DLL:         SARMCM3.DLL V5.31.0.0
Dialog DLL:      DCM.DLL V1.17.3.0
Target DLL:      STLink\ST-LINKIII-KEIL_SWO.dll V3.0.7.0
Dialog DLL:      TCM.DLL V1.46.0.0
 
<h2>Project:</h2>
D:\Windows Workspaces\RTOS Projects\Building-RTOS\RTOS-01B-Kernel-Internels-STM\KernelInternels01.uvprojx
Project File Date:  07/12/2020

<h2>Output:</h2>
*** Using Compiler 'V6.14', folder: 'D:\Windows Applications\Keil_uVision_v5\Core\ARM\ARMCLANG\Bin'
Rebuild target 'STM32F446RE'
assembling startup_stm32f446xx.s...
compiling system_stm32f4xx.c...
main.c(90): warning: no previous prototype for function 'SysTick_Handler' [-Wmissing-prototypes]
void SysTick_Handler(void){
     ^
main.c(90): note: declare 'static' if the function is not intended to be used outside of this translation unit
void SysTick_Handler(void){
^
static 
main.c(36): warning: no previous extern declaration for non-static variable 'tick' [-Wmissing-variable-declarations]
volatile uint32_t tick; //Ticks of clock
                  ^
main.c(36): note: declare 'static' if the variable is not intended to be used outside of this translation unit
volatile uint32_t tick; //Ticks of clock
         ^
main.c(37): warning: no previous extern declaration for non-static variable '_tick' [-Wmissing-variable-declarations]
volatile uint32_t _tick; //A variable that is used for work on tick
                  ^
main.c(37): note: declare 'static' if the variable is not intended to be used outside of this translation unit
volatile uint32_t _tick; //A variable that is used for work on tick
         ^
3 warnings generated.
compiling main.c...
linking...
Program Size: Code=716 RO-data=484 RW-data=4 ZI-data=1640  
".\Objects\KernelInternels01.axf" - 0 Error(s), 3 Warning(s).

<h2>Software Packages used:</h2>

Package Vendor: ARM
                http://www.keil.com/pack/ARM.CMSIS.5.7.0.pack
                ARM.CMSIS.5.7.0
                CMSIS (Cortex Microcontroller Software Interface Standard)
   * Component: CORE Version: 5.4.0

Package Vendor: Keil
                http://www.keil.com/pack/Keil.STM32F4xx_DFP.2.14.0.pack
                Keil.STM32F4xx_DFP.2.14.0
                STMicroelectronics STM32F4 Series Device Support, Drivers and Examples
   * Component: Startup Version: 2.6.3

<h2>Collection of Component include folders:</h2>
  .\RTE\_STM32F446RE
  D:\Windows Applications\Keil_uVision_v5\Packs\ARM\CMSIS\5.7.0\CMSIS\Core\Include
  D:\Windows Applications\Keil_uVision_v5\Packs\Keil\STM32F4xx_DFP\2.14.0\Drivers\CMSIS\Device\ST\STM32F4xx\Include

<h2>Collection of Component Files used:</h2>

   * Component: ARM::CMSIS:CORE:5.4.0

   * Component: Keil::Device:Startup:2.6.3
      Source file:   MDK\Device\Source\ARM\STM32F446xx_OPT.s
      Source file:   MDK\Device\Source\ARM\STM32F4xx_OTP.s
      Source file:   Drivers\CMSIS\Device\ST\STM32F4xx\Source\Templates\arm\startup_stm32f446xx.s
      Include file:  Drivers\CMSIS\Device\ST\STM32F4xx\Include\stm32f4xx.h
      Source file:   Drivers\CMSIS\Device\ST\STM32F4xx\Source\Templates\system_stm32f4xx.c
Build Time Elapsed:  00:00:01
</pre>
</body>
</html>
